<html>
<body>
<pre>
<h1>µVision Build Log</h1>
<h2>Tool Versions:</h2>
IDE-Version: µVision V5.22.0.0
Copyright (C) 2016 ARM Ltd and ARM Germany GmbH. All rights reserved.
License Information: S.Motlaq ASUS, AUT, LIC=Z3CX7-EBTFU-D1KPR-KG1H0-P21WM-WPL96
 
Tool Versions:
Toolchain:       MDK-ARM Professional  Version: 5.22
Toolchain Path:  C:\Keil_v5\ARM\ARMCC\Bin
C Compiler:      Armcc.exe V5.06 update 4 (build 422)
Assembler:       Armasm.exe V5.06 update 4 (build 422)
Linker/Locator:  ArmLink.exe V5.06 update 4 (build 422)
Library Manager: ArmAr.exe V5.06 update 4 (build 422)
Hex Converter:   FromElf.exe V5.06 update 4 (build 422)
CPU DLL:         SARMCM3.DLL V5.22
Dialog DLL:      DCM.DLL V1.13.9.0
Target DLL:      STLink\ST-LINKIII-KEIL_SWO.dll V2.0.18.0
Dialog DLL:      TCM.DLL V1.21.0.0
 
<h2>Project:</h2>
D:\ac\Projects\ARM\STM32F411\LoRa\LoRa_third\MDK-ARM\LoRa_third.uvprojx
Project File Date:  06/23/2020

<h2>Output:</h2>
*** Using Compiler 'V5.06 update 4 (build 422)', folder: 'C:\Keil_v5\ARM\ARMCC\Bin'
Build target 'LoRa_third'
compiling LoRa.c...
..\Src\LoRa.c(153): warning:  #177-D: variable "data"  was declared but never referenced
  	uint8_t	data;
..\Src\LoRa.c(154): warning:  #177-D: variable "read"  was declared but never referenced
  	uint8_t	read;
..\Src\LoRa.c(177): warning:  #177-D: variable "address"  was declared but never referenced
  	uint8_t address;
..\Src\LoRa.c(178): warning:  #177-D: variable "data"  was declared but never referenced
  	uint8_t    data;
..\Src\LoRa.c(179): warning:  #177-D: variable "read"  was declared but never referenced
  	uint8_t    read;
..\Src\LoRa.c: 5 warnings, 0 errors
linking...
Program Size: Code=5040 RO-data=456 RW-data=32 ZI-data=1144  
FromELF: creating hex file...
"LoRa_third\LoRa_third.axf" - 0 Error(s), 5 Warning(s).

<h2>Software Packages used:</h2>

Package Vendor: ARM
                http://www.keil.com/pack/ARM.CMSIS.5.6.0.pack
                ARM::CMSIS:CORE:5.3.0
                CMSIS (Cortex Microcontroller Software Interface Standard)
   * Component: CORE Version: 5.3.0

<h2>Collection of Component include folders:</h2>
  D:\ac\Projects\ARM\STM32F411\LoRa\LoRa_third\MDK-ARM\RTE\_LoRa_third
  C:\Keil_v5\ARM\PACK\ARM\CMSIS\5.6.0\CMSIS\Core\Include
  C:\Keil_v5\ARM\PACK\Keil\STM32F4xx_DFP\2.14.0\Drivers\CMSIS\Device\ST\STM32F4xx\Include

<h2>Collection of Component Files used:</h2>

   * Component: ARM::CMSIS:CORE:5.3.0
Build Time Elapsed:  00:00:01
</pre>
</body>
</html>
